Preset PILOT: 160 runs across 9 workers
  envs=['Reacher-v5', 'HalfCheetah-v5']  algos=['PPO', 'SAC', 'TD3', 'A2C']  seeds=[0, 1, 2, 3, 4, 5, 6, 7, 8, 9, 10, 11, 12, 13, 14, 15, 16, 17, 18, 19]  timesteps=200000
(1/160) [skip] Reacher-v5__PPO__seed0.npz
(2/160) [skip] Reacher-v5__PPO__seed1.npz
(3/160) [skip] Reacher-v5__PPO__seed2.npz
(4/160) [skip] Reacher-v5__PPO__seed3.npz
(5/160) [skip] Reacher-v5__PPO__seed4.npz
(6/160) [skip] Reacher-v5__PPO__seed5.npz
(7/160) [skip] Reacher-v5__PPO__seed6.npz
(8/160) [skip] Reacher-v5__PPO__seed7.npz
(9/160) [skip] Reacher-v5__PPO__seed8.npz
(10/160) [skip] Reacher-v5__PPO__seed9.npz
(11/160) [ok] Reacher-v5__PPO__seed10.npz
(12/160) [ok] Reacher-v5__PPO__seed17.npz
(13/160) [skip] Reacher-v5__SAC__seed0.npz
(14/160) [skip] Reacher-v5__SAC__seed1.npz
(15/160) [skip] Reacher-v5__SAC__seed2.npz
(16/160) [skip] Reacher-v5__SAC__seed3.npz
(17/160) [skip] Reacher-v5__SAC__seed4.npz
(18/160) [skip] Reacher-v5__SAC__seed5.npz
(19/160) [skip] Reacher-v5__SAC__seed6.npz
(20/160) [skip] Reacher-v5__SAC__seed7.npz
(21/160) [skip] Reacher-v5__SAC__seed8.npz
(22/160) [skip] Reacher-v5__SAC__seed9.npz
(23/160) [ok] Reacher-v5__PPO__seed18.npz
(24/160) [ok] Reacher-v5__PPO__seed16.npz
(25/160) [ok] Reacher-v5__PPO__seed12.npz
(26/160) [ok] Reacher-v5__PPO__seed11.npz
(27/160) [ok] Reacher-v5__PPO__seed13.npz
(28/160) [ok] Reacher-v5__PPO__seed14.npz
(29/160) [ok] Reacher-v5__PPO__seed15.npz
(30/160) [ok] Reacher-v5__PPO__seed19.npz
(31/160) [ok] Reacher-v5__SAC__seed17.npz
(32/160) [ok] Reacher-v5__SAC__seed10.npz
(33/160) [skip] Reacher-v5__TD3__seed0.npz
(34/160) [skip] Reacher-v5__TD3__seed1.npz
(35/160) [skip] Reacher-v5__TD3__seed2.npz
(36/160) [skip] Reacher-v5__TD3__seed3.npz
(37/160) [skip] Reacher-v5__TD3__seed4.npz
(38/160) [skip] Reacher-v5__TD3__seed5.npz
(39/160) [skip] Reacher-v5__TD3__seed6.npz
(40/160) [skip] Reacher-v5__TD3__seed7.npz
(41/160) [skip] Reacher-v5__TD3__seed8.npz
(42/160) [skip] Reacher-v5__TD3__seed9.npz
(43/160) [ok] Reacher-v5__SAC__seed12.npz
(44/160) [ok] Reacher-v5__SAC__seed11.npz
(45/160) [ok] Reacher-v5__SAC__seed16.npz
(46/160) [ok] Reacher-v5__SAC__seed14.npz
(47/160) [ok] Reacher-v5__SAC__seed13.npz
(48/160) [ok] Reacher-v5__SAC__seed15.npz
(49/160) [ok] Reacher-v5__SAC__seed18.npz
(50/160) [ok] Reacher-v5__TD3__seed12.npz
(51/160) [ok] Reacher-v5__TD3__seed11.npz
(52/160) [ok] Reacher-v5__TD3__seed10.npz
(53/160) [skip] Reacher-v5__A2C__seed0.npz
(54/160) [skip] Reacher-v5__A2C__seed1.npz
(55/160) [skip] Reacher-v5__A2C__seed2.npz
(56/160) [skip] Reacher-v5__A2C__seed3.npz
(57/160) [skip] Reacher-v5__A2C__seed4.npz
(58/160) [skip] Reacher-v5__A2C__seed5.npz
(59/160) [skip] Reacher-v5__A2C__seed6.npz
(60/160) [skip] Reacher-v5__A2C__seed7.npz
(61/160) [skip] Reacher-v5__A2C__seed8.npz
(62/160) [skip] Reacher-v5__A2C__seed9.npz
(63/160) [ok] Reacher-v5__TD3__seed13.npz
(64/160) [ok] Reacher-v5__TD3__seed14.npz
(65/160) [ok] Reacher-v5__TD3__seed16.npz
(66/160) [ok] Reacher-v5__TD3__seed15.npz
(67/160) [ok] Reacher-v5__SAC__seed19.npz
(68/160) [ok] Reacher-v5__TD3__seed17.npz
(69/160) [ok] Reacher-v5__A2C__seed10.npz
(70/160) [ok] Reacher-v5__A2C__seed12.npz
(71/160) [ok] Reacher-v5__A2C__seed11.npz
(72/160) [ok] Reacher-v5__A2C__seed13.npz
(73/160) [skip] HalfCheetah-v5__PPO__seed0.npz
(74/160) [skip] HalfCheetah-v5__PPO__seed1.npz
(75/160) [skip] HalfCheetah-v5__PPO__seed2.npz
(76/160) [skip] HalfCheetah-v5__PPO__seed3.npz
(77/160) [skip] HalfCheetah-v5__PPO__seed4.npz
(78/160) [skip] HalfCheetah-v5__PPO__seed5.npz
(79/160) [skip] HalfCheetah-v5__PPO__seed6.npz
(80/160) [skip] HalfCheetah-v5__PPO__seed7.npz
(81/160) [skip] HalfCheetah-v5__PPO__seed8.npz
(82/160) [skip] HalfCheetah-v5__PPO__seed9.npz
(83/160) [ok] Reacher-v5__A2C__seed14.npz
(84/160) [ok] Reacher-v5__A2C__seed15.npz
(85/160) [ok] Reacher-v5__A2C__seed16.npz
(86/160) [ok] Reacher-v5__A2C__seed17.npz
(87/160) [ok] Reacher-v5__A2C__seed18.npz
(88/160) [ok] Reacher-v5__A2C__seed19.npz
(89/160) [ok] HalfCheetah-v5__PPO__seed10.npz
(90/160) [ok] HalfCheetah-v5__PPO__seed11.npz
(91/160) [ok] HalfCheetah-v5__PPO__seed12.npz
(92/160) [ok] HalfCheetah-v5__PPO__seed13.npz
(93/160) [skip] HalfCheetah-v5__SAC__seed0.npz
(94/160) [skip] HalfCheetah-v5__SAC__seed1.npz
(95/160) [skip] HalfCheetah-v5__SAC__seed2.npz
(96/160) [skip] HalfCheetah-v5__SAC__seed3.npz
(97/160) [skip] HalfCheetah-v5__SAC__seed4.npz
(98/160) [skip] HalfCheetah-v5__SAC__seed5.npz
(99/160) [skip] HalfCheetah-v5__SAC__seed6.npz
(100/160) [skip] HalfCheetah-v5__SAC__seed7.npz
(101/160) [skip] HalfCheetah-v5__SAC__seed8.npz
(102/160) [skip] HalfCheetah-v5__SAC__seed9.npz
(103/160) [ok] HalfCheetah-v5__PPO__seed14.npz
(104/160) [ok] HalfCheetah-v5__PPO__seed15.npz
(105/160) [ok] HalfCheetah-v5__PPO__seed16.npz
(106/160) [ok] HalfCheetah-v5__PPO__seed17.npz
(107/160) [ok] HalfCheetah-v5__PPO__seed18.npz
(108/160) [ok] HalfCheetah-v5__PPO__seed19.npz
(109/160) [ok] Reacher-v5__TD3__seed18.npz
(110/160) [ok] Reacher-v5__TD3__seed19.npz
(111/160) [ok] HalfCheetah-v5__SAC__seed10.npz
(112/160) [ok] HalfCheetah-v5__SAC__seed12.npz
(113/160) [skip] HalfCheetah-v5__TD3__seed0.npz
(114/160) [skip] HalfCheetah-v5__TD3__seed1.npz
(115/160) [skip] HalfCheetah-v5__TD3__seed2.npz
(116/160) [skip] HalfCheetah-v5__TD3__seed3.npz
(117/160) [skip] HalfCheetah-v5__TD3__seed4.npz
(118/160) [skip] HalfCheetah-v5__TD3__seed5.npz
(119/160) [skip] HalfCheetah-v5__TD3__seed6.npz
(120/160) [skip] HalfCheetah-v5__TD3__seed7.npz
(121/160) [skip] HalfCheetah-v5__TD3__seed8.npz
(122/160) [skip] HalfCheetah-v5__TD3__seed9.npz
(123/160) [ok] HalfCheetah-v5__SAC__seed11.npz
(124/160) [ok] HalfCheetah-v5__SAC__seed13.npz
(125/160) [ok] HalfCheetah-v5__SAC__seed15.npz
(126/160) [ok] HalfCheetah-v5__SAC__seed14.npz
(127/160) [ok] HalfCheetah-v5__SAC__seed16.npz
(128/160) [ok] HalfCheetah-v5__SAC__seed18.npz
(129/160) [ok] HalfCheetah-v5__SAC__seed17.npz
(130/160) [ok] HalfCheetah-v5__TD3__seed10.npz
(131/160) [ok] HalfCheetah-v5__TD3__seed11.npz
(132/160) [ok] HalfCheetah-v5__TD3__seed12.npz
(133/160) [skip] HalfCheetah-v5__A2C__seed0.npz
(134/160) [skip] HalfCheetah-v5__A2C__seed1.npz
(135/160) [skip] HalfCheetah-v5__A2C__seed2.npz
(136/160) [skip] HalfCheetah-v5__A2C__seed3.npz
(137/160) [skip] HalfCheetah-v5__A2C__seed4.npz
(138/160) [skip] HalfCheetah-v5__A2C__seed5.npz
(139/160) [skip] HalfCheetah-v5__A2C__seed6.npz
(140/160) [skip] HalfCheetah-v5__A2C__seed7.npz
(141/160) [skip] HalfCheetah-v5__A2C__seed8.npz
(142/160) [skip] HalfCheetah-v5__A2C__seed9.npz
(143/160) [ok] HalfCheetah-v5__TD3__seed14.npz
(144/160) [ok] HalfCheetah-v5__TD3__seed13.npz
(145/160) [ok] HalfCheetah-v5__SAC__seed19.npz
(146/160) [ok] HalfCheetah-v5__TD3__seed15.npz
(147/160) [ok] HalfCheetah-v5__A2C__seed10.npz
(148/160) [ok] HalfCheetah-v5__A2C__seed11.npz
(149/160) [ok] HalfCheetah-v5__A2C__seed12.npz
(150/160) [ok] HalfCheetah-v5__A2C__seed13.npz
(151/160) [ok] HalfCheetah-v5__A2C__seed14.npz
(152/160) [ok] HalfCheetah-v5__A2C__seed15.npz
(153/160) [ok] HalfCheetah-v5__A2C__seed16.npz
(154/160) [ok] HalfCheetah-v5__A2C__seed17.npz
(155/160) [ok] HalfCheetah-v5__A2C__seed18.npz
(156/160) [ok] HalfCheetah-v5__A2C__seed19.npz
(157/160) [ok] HalfCheetah-v5__TD3__seed16.npz
(158/160) [ok] HalfCheetah-v5__TD3__seed17.npz
(159/160) [ok] HalfCheetah-v5__TD3__seed18.npz
(160/160) [ok] HalfCheetah-v5__TD3__seed19.npz
